ReferenceTest.java:14: error: invalid use of @param
     * @param x description
       ^
ReferenceTest.java:19: error: invalid use of @param
     * @param x description
       ^
ReferenceTest.java:24: error: @param name not found
     * @param x description
              ^
ReferenceTest.java:26: warning: no @param for a
    public void param_name_not_found(int a) { }
                ^
ReferenceTest.java:29: error: @param name not found
     * @param <X> description
               ^
ReferenceTest.java:34: error: reference not found
     * @see Object#tooStrong()
            ^
ReferenceTest.java:39: error: invalid use of @return
     * @return x description
       ^
ReferenceTest.java:44: error: invalid use of @return
     * @return x description
       ^
ReferenceTest.java:49: error: exception not thrown: java.lang.Exception
     * @throws Exception description
               ^
ReferenceTest.java:60: error: type arguments not allowed here
     * {@link java.util.List<String>}
              ^
ReferenceTest.java:61: error: type arguments not allowed here
     * {@link java.util.List<String>#equals}
              ^
ReferenceTest.java:62: error: type arguments not allowed here
     * {@link not.Found<String>}
              ^
ReferenceTest.java:63: error: type arguments not allowed here
     * @see java.util.List<String>
            ^
ReferenceTest.java:64: error: type arguments not allowed here
     * @see java.util.List<String>#equals
            ^
ReferenceTest.java:65: error: type arguments not allowed here
     * @see not.Found<String>
            ^
ReferenceTest.java:70: error: array type not allowed here
     * {@link java.lang.String[]}
              ^
ReferenceTest.java:71: error: array type not allowed here
     * {@link java.lang.String[]#equals}
              ^
ReferenceTest.java:72: error: array type not allowed here
     * {@link not.Found[]}
              ^
ReferenceTest.java:73: error: array type not allowed here
     * @see java.lang.String[]
            ^
ReferenceTest.java:74: error: array type not allowed here
     * @see java.lang.String[]#equals
            ^
ReferenceTest.java:75: error: array type not allowed here
     * @see not.Found[]
            ^
20 errors
1 warning

